sdfgasfa